C:\Users\Bryan J치come Tumbaco\Desktop\Nueva carpeta\Prueba>

C:\Users\Bryan J치come Tumbaco\Desktop\Nueva carpeta\Prueba>git diff
diff --git a/Archivo1.txt b/Archivo1.txt
index 6b02f30..56d106f 100644
--- a/Archivo1.txt
+++ b/Archivo1.txt
@@ -1,4 +1 @@
-HOla
-como
-estas
-yo estoy
+Hola como estas
C:\Users\Bryan J치come Tumbaco\Desktop\Nueva carpeta\Prueba>git add .

C:\Users\Bryan J치come Tumbaco\Desktop\Nueva carpeta\Prueba>git status
On branch master
Changes to be committed:
  (use "git restore --staged <file>..." to unstage)
        modified:   Archivo1.txt
