C:\Users\Bryan Jácome Tumbaco\Desktop\Nueva carpeta\Prueba>

C:\Users\Bryan Jácome Tumbaco\Desktop\Nueva carpeta\Prueba>git diff
diff --git a/Archivo1.txt b/Archivo1.txt
index 6b02f30..56d106f 100644
--- a/Archivo1.txt
+++ b/Archivo1.txt
@@ -1,4 +1 @@
-HOla
-como
-estas
-yo estoy
+Hola como estas
C:\Users\Bryan Jácome Tumbaco\Desktop\Nueva carpeta\Prueba>git add .

C:\Users\Bryan Jácome Tumbaco\Desktop\Nueva carpeta\Prueba>git status
On branch master
Changes to be committed:
  (use "git restore --staged <file>..." to unstage)
        modified:   Archivo1.txt
        
 C:\Users\Bryan Jácome Tumbaco\Desktop\Nueva carpeta\Prueba>git commit -m "Agregue un mensaje"
[master 95eb967] Agregue un mensaje
 1 file changed, 1 insertion(+), 2 deletions(-)
 
C:\Users\Bryan Jácome Tumbaco\Desktop\Nueva carpeta\Prueba>git log --oneline
95eb967 (HEAD -> master) Agregue un mensaje
568f2cf Edite3
5ee4a55 Edite2
a7cd8b1 Edite
aaa8b5a A<C3><B1>adimos un mensaje
bb98a16 A<C3><B1>ado varios archivos vacios
